// Jest Snapshot v1, https://goo.gl/fbAQLP

exports[`generates source maps for .vue files 1`] = `
{
  "mappings": ";;;;;;;AAwBA;AACA;AACA;AACA;AACA;AACA;AACA;AAHA;AAKA;AAPA;AASA;AACA;AACA;AACA;AAFA;AAIA;AACA;AACA;AACA;AACA;AAHA;AAjBA;;;;AAvBA;AAAA;AAAA;AAAA;AAAA;AAAA;AAAA;AAAA;AAAA;AAAA",
  "names": [],
  "sources": [
    "Basic.vue",
  ],
  "sourcesContent": [
    "<template>
  <div class="hello">
    <h1 :class="headingClasses">{{ msg }}</h1>
  </div>
</template>

<style module="css">
.testA {
  background-color: red;
}
</style>
<style module>
.testB {
  background-color: blue;
}
</style>
<style>
.testC {
  background-color: blue;
}
</style>

<script>
export default {
  name: 'basic',
  computed: {
    headingClasses: function headingClasses() {
      return {
        red: this.isCrazy,
        blue: !this.isCrazy,
        shadow: this.isCrazy
      }
    }
  },
  data: function data() {
    return {
      msg: 'Welcome to Your Vue.js App',
      isCrazy: false
    }
  },
  methods: {
    toggleClass: function toggleClass() {
      this.isCrazy = !this.isCrazy
    }
  }
}
</script>
",
  ],
  "version": 3,
}
`;

exports[`generates source maps using src attributes 1`] = `
{
  "mappings": ";;;;;;;AACA;AACA;AACA;AACA;AACA;AACA;AACA;AAHA;AAKA;AAPA;AASA;AACA;AACA;AACA;AAFA;AAIA;AACA;AACA;AACA;AACA;AAHA;AAjBA",
  "names": [],
  "sources": [
    "SourceMapsSrc.vue",
  ],
  "sourcesContent": [
    "export default {
  name: 'basic',
  computed: {
    headingClasses: function headingClasses() {
      return {
        red: this.isCrazy,
        blue: !this.isCrazy,
        shadow: this.isCrazy
      }
    }
  },
  data: function data() {
    return {
      msg: 'Welcome to Your Vue.js App',
      isCrazy: false
    }
  },
  methods: {
    toggleClass: function toggleClass() {
      this.isCrazy = !this.isCrazy
    }
  }
}
",
  ],
  "version": 3,
}
`;
